mkdir -p build/normal/kernel/arch/x86_64/src/
clang --target=x86_64-unknown-none-elf -std=c17 -ffreestanding -fno-builtin -fno-stack-protector -fno-stack-check -fno-pic -fno-pie -fno-lto -m64 -march=x86-64 -mabi=sysv -mno-red-zone -mno-mmx -mno-sse -mno-sse2 -mcmodel=kernel -Wall -Wextra -Werror -Ikernel/arch/x86_64/include -Ikernel/include -Iinclude -c kernel/arch/x86_64/src/idt.c -o build/normal/kernel/arch/x86_64/src/idt.o
mkdir -p build/normal/kernel/arch/x86_64/src/
clang --target=x86_64-unknown-none-elf -std=c17 -ffreestanding -fno-builtin -fno-stack-protector -fno-stack-check -fno-pic -fno-pie -fno-lto -m64 -march=x86-64 -mabi=sysv -mno-red-zone -mno-mmx -mno-sse -mno-sse2 -mcmodel=kernel -Wall -Wextra -Werror -Ikernel/arch/x86_64/include -Ikernel/include -Iinclude -c kernel/arch/x86_64/src/pic.c -o build/normal/kernel/arch/x86_64/src/pic.o
mkdir -p build/normal/kernel/arch/x86_64/src/
clang --target=x86_64-unknown-none-elf -std=c17 -ffreestanding -fno-builtin -fno-stack-protector -fno-stack-check -fno-pic -fno-pie -fno-lto -m64 -march=x86-64 -mabi=sysv -mno-red-zone -mno-mmx -mno-sse -mno-sse2 -mcmodel=kernel -Wall -Wextra -Werror -Ikernel/arch/x86_64/include -Ikernel/include -Iinclude -c kernel/arch/x86_64/src/pit.c -o build/normal/kernel/arch/x86_64/src/pit.o
mkdir -p build/normal/kernel/core/
clang --target=x86_64-unknown-none-elf -std=c17 -ffreestanding -fno-builtin -fno-stack-protector -fno-stack-check -fno-pic -fno-pie -fno-lto -m64 -march=x86-64 -mabi=sysv -mno-red-zone -mno-mmx -mno-sse -mno-sse2 -mcmodel=kernel -Wall -Wextra -Werror -Ikernel/arch/x86_64/include -Ikernel/include -Iinclude -c kernel/core/kmain.c -o build/normal/kernel/core/kmain.o
mkdir -p build/normal/kernel/core/
clang --target=x86_64-unknown-none-elf -std=c17 -ffreestanding -fno-builtin -fno-stack-protector -fno-stack-check -fno-pic -fno-pie -fno-lto -m64 -march=x86-64 -mabi=sysv -mno-red-zone -mno-mmx -mno-sse -mno-sse2 -mcmodel=kernel -Wall -Wextra -Werror -Ikernel/arch/x86_64/include -Ikernel/include -Iinclude -c kernel/core/log.c -o build/normal/kernel/core/log.o
mkdir -p build/normal/kernel/core/
clang --target=x86_64-unknown-none-elf -std=c17 -ffreestanding -fno-builtin -fno-stack-protector -fno-stack-check -fno-pic -fno-pie -fno-lto -m64 -march=x86-64 -mabi=sysv -mno-red-zone -mno-mmx -mno-sse -mno-sse2 -mcmodel=kernel -Wall -Wextra -Werror -Ikernel/arch/x86_64/include -Ikernel/include -Iinclude -c kernel/core/panic.c -o build/normal/kernel/core/panic.o
mkdir -p build/normal/kernel/core/
clang --target=x86_64-unknown-none-elf -std=c17 -ffreestanding -fno-builtin -fno-stack-protector -fno-stack-check -fno-pic -fno-pie -fno-lto -m64 -march=x86-64 -mabi=sysv -mno-red-zone -mno-mmx -mno-sse -mno-sse2 -mcmodel=kernel -Wall -Wextra -Werror -Ikernel/arch/x86_64/include -Ikernel/include -Iinclude -c kernel/core/pmm.c -o build/normal/kernel/core/pmm.o
mkdir -p build/normal/kernel/core/
clang --target=x86_64-unknown-none-elf -std=c17 -ffreestanding -fno-builtin -fno-stack-protector -fno-stack-check -fno-pic -fno-pie -fno-lto -m64 -march=x86-64 -mabi=sysv -mno-red-zone -mno-mmx -mno-sse -mno-sse2 -mcmodel=kernel -Wall -Wextra -Werror -Ikernel/arch/x86_64/include -Ikernel/include -Iinclude -c kernel/core/sched.c -o build/normal/kernel/core/sched.o
mkdir -p build/normal/kernel/core/
clang --target=x86_64-unknown-none-elf -std=c17 -ffreestanding -fno-builtin -fno-stack-protector -fno-stack-check -fno-pic -fno-pie -fno-lto -m64 -march=x86-64 -mabi=sysv -mno-red-zone -mno-mmx -mno-sse -mno-sse2 -mcmodel=kernel -Wall -Wextra -Werror -Ikernel/arch/x86_64/include -Ikernel/include -Iinclude -c kernel/core/serial.c -o build/normal/kernel/core/serial.o
mkdir -p build/normal/kernel/core/
clang --target=x86_64-unknown-none-elf -std=c17 -ffreestanding -fno-builtin -fno-stack-protector -fno-stack-check -fno-pic -fno-pie -fno-lto -m64 -march=x86-64 -mabi=sysv -mno-red-zone -mno-mmx -mno-sse -mno-sse2 -mcmodel=kernel -Wall -Wextra -Werror -Ikernel/arch/x86_64/include -Ikernel/include -Iinclude -c kernel/core/vmm.c -o build/normal/kernel/core/vmm.o
mkdir -p build/normal/kernel/lib/
clang --target=x86_64-unknown-none-elf -std=c17 -ffreestanding -fno-builtin -fno-stack-protector -fno-stack-check -fno-pic -fno-pie -fno-lto -m64 -march=x86-64 -mabi=sysv -mno-red-zone -mno-mmx -mno-sse -mno-sse2 -mcmodel=kernel -Wall -Wextra -Werror -Ikernel/arch/x86_64/include -Ikernel/include -Iinclude -c kernel/lib/memory.c -o build/normal/kernel/lib/memory.o
mkdir -p build/normal/kernel/mm/
clang --target=x86_64-unknown-none-elf -std=c17 -ffreestanding -fno-builtin -fno-stack-protector -fno-stack-check -fno-pic -fno-pie -fno-lto -m64 -march=x86-64 -mabi=sysv -mno-red-zone -mno-mmx -mno-sse -mno-sse2 -mcmodel=kernel -Wall -Wextra -Werror -Ikernel/arch/x86_64/include -Ikernel/include -Iinclude -c kernel/mm/kmem.c -o build/normal/kernel/mm/kmem.o
mkdir -p build/normal/kernel/sync/
clang --target=x86_64-unknown-none-elf -std=c17 -ffreestanding -fno-builtin -fno-stack-protector -fno-stack-check -fno-pic -fno-pie -fno-lto -m64 -march=x86-64 -mabi=sysv -mno-red-zone -mno-mmx -mno-sse -mno-sse2 -mcmodel=kernel -Wall -Wextra -Werror -Ikernel/arch/x86_64/include -Ikernel/include -Iinclude -c kernel/sync/lockdep.c -o build/normal/kernel/sync/lockdep.o
mkdir -p build/normal/kernel/sync/
clang --target=x86_64-unknown-none-elf -std=c17 -ffreestanding -fno-builtin -fno-stack-protector -fno-stack-check -fno-pic -fno-pie -fno-lto -m64 -march=x86-64 -mabi=sysv -mno-red-zone -mno-mmx -mno-sse -mno-sse2 -mcmodel=kernel -Wall -Wextra -Werror -Ikernel/arch/x86_64/include -Ikernel/include -Iinclude -c kernel/sync/m12_selftest.c -o build/normal/kernel/sync/m12_selftest.o
mkdir -p build/normal/kernel/sync/
clang --target=x86_64-unknown-none-elf -std=c17 -ffreestanding -fno-builtin -fno-stack-protector -fno-stack-check -fno-pic -fno-pie -fno-lto -m64 -march=x86-64 -mabi=sysv -mno-red-zone -mno-mmx -mno-sse -mno-sse2 -mcmodel=kernel -Wall -Wextra -Werror -Ikernel/arch/x86_64/include -Ikernel/include -Iinclude -c kernel/sync/mutex.c -o build/normal/kernel/sync/mutex.o
mkdir -p build/normal/kernel/sync/
clang --target=x86_64-unknown-none-elf -std=c17 -ffreestanding -fno-builtin -fno-stack-protector -fno-stack-check -fno-pic -fno-pie -fno-lto -m64 -march=x86-64 -mabi=sysv -mno-red-zone -mno-mmx -mno-sse -mno-sse2 -mcmodel=kernel -Wall -Wextra -Werror -Ikernel/arch/x86_64/include -Ikernel/include -Iinclude -c kernel/sync/spinlock.c -o build/normal/kernel/sync/spinlock.o
mkdir -p build/normal/kernel/syscall/
clang --target=x86_64-unknown-none-elf -std=c17 -ffreestanding -fno-builtin -fno-stack-protector -fno-stack-check -fno-pic -fno-pie -fno-lto -m64 -march=x86-64 -mabi=sysv -mno-red-zone -mno-mmx -mno-sse -mno-sse2 -mcmodel=kernel -Wall -Wextra -Werror -Ikernel/arch/x86_64/include -Ikernel/include -Iinclude -c kernel/syscall/syscall.c -o build/normal/kernel/syscall/syscall.o
mkdir -p build/normal/kernel/user/
clang --target=x86_64-unknown-none-elf -std=c17 -ffreestanding -fno-builtin -fno-stack-protector -fno-stack-check -fno-pic -fno-pie -fno-lto -m64 -march=x86-64 -mabi=sysv -mno-red-zone -mno-mmx -mno-sse -mno-sse2 -mcmodel=kernel -Wall -Wextra -Werror -Ikernel/arch/x86_64/include -Ikernel/include -Iinclude -c kernel/user/m11_elf_loader.c -o build/normal/kernel/user/m11_elf_loader.o
mkdir -p build/normal/kernel/arch/x86_64/src/
clang --target=x86_64-unknown-none-elf -m64 -march=x86-64 -fno-pic -fno-pie -mcmodel=kernel -c kernel/arch/x86_64/src/context_switch.S -o build/normal/kernel/arch/x86_64/src/context_switch.o
mkdir -p build/normal/kernel/arch/x86_64/src/
clang --target=x86_64-unknown-none-elf -m64 -march=x86-64 -fno-pic -fno-pie -mcmodel=kernel -c kernel/arch/x86_64/src/interrupts.S -o build/normal/kernel/arch/x86_64/src/interrupts.o
mkdir -p build/normal/kernel/arch/x86_64/src/
clang --target=x86_64-unknown-none-elf -m64 -march=x86-64 -fno-pic -fno-pie -mcmodel=kernel -c kernel/arch/x86_64/src/syscall_entry.S -o build/normal/kernel/arch/x86_64/src/syscall_entry.o
mkdir -p build
ld.lld -nostdlib -static -z max-page-size=0x1000 -T linker.ld -Map=build/kernel.map -o build/kernel.elf  build/normal/kernel/arch/x86_64/src/idt.o  build/normal/kernel/arch/x86_64/src/pic.o  build/normal/kernel/arch/x86_64/src/pit.o  build/normal/kernel/core/kmain.o  build/normal/kernel/core/log.o  build/normal/kernel/core/panic.o  build/normal/kernel/core/pmm.o  build/normal/kernel/core/sched.o  build/normal/kernel/core/serial.o  build/normal/kernel/core/vmm.o  build/normal/kernel/lib/memory.o  build/normal/kernel/mm/kmem.o  build/normal/kernel/sync/lockdep.o  build/normal/kernel/sync/m12_selftest.o  build/normal/kernel/sync/mutex.o  build/normal/kernel/sync/spinlock.o  build/normal/kernel/syscall/syscall.o  build/normal/kernel/user/m11_elf_loader.o  build/normal/kernel/arch/x86_64/src/context_switch.o  build/normal/kernel/arch/x86_64/src/interrupts.o  build/normal/kernel/arch/x86_64/src/syscall_entry.o
