limine: Loading executable `boot():/boot/kernel.elf`...
MCSOS 260502 M3 kernel entered
[MCSOS:M5] boot: external interrupt bring-up start
[MCSOS:M5] idt: loaded
[MCSOS:M5] pic: remapped
[MCSOS:M5] pic: irq0 unmasked
[MCSOS:M5] pit: configured 100Hz
[MCSOS:M5] sti: interrupts enabled
[MCSOS:M6] pmm initialized
[MCSOS:M6] frames managed=0x0000000000008000
[MCSOS:M6] frames free=0x0000000000007fff
[MCSOS:M6] sample alloc/free OK
[MCSOS:M7] VMM core initialized
[MCSOS:M7] root_paddr=0x0000000000001000
[MCSOS:M7] demo map vaddr=0x0000000000600000
[MCSOS:M7] demo map paddr=0x0000000000002000
[MCSOS:M7] demo map/query/unmap OK
[MCSOS:M7] ready for QEMU smoke test
[MCSOS:M8] kmem initialized
[MCSOS:M8] heap total_bytes=0x0000000000010000
[MCSOS:M8] heap free_bytes=0x000000000000ffd0
[MCSOS:M8] heap largest_free=0x000000000000ffd0
[MCSOS:M8] heap block_count=0x0000000000000001
[MCSOS:M9] triggering controlled bad-magic panic test

================ MCSOS KERNEL PANIC ================
system=MCSOS version=260502 milestone=M3
reason=M9: enqueue thread b failed (corrupt TCB rejected)
location=kernel/core/kmain.c:228
panic_code=0xffffffffffffffff
rflags_before_cli=0x0000000000000282
state=halted
====================================================
