limine: Loading executable `boot():/boot/kernel.elf`...
MCSOS 260502 M3 kernel entered
[MCSOS:M5] boot: external interrupt bring-up start
[MCSOS:M5] idt: loaded
[MCSOS:M5] pic: remapped
[MCSOS:M5] pic: irq0 unmasked
[MCSOS:M5] pit: configured 100Hz
[MCSOS:M5] sti: interrupts enabled
[MCSOS:M6] pmm initialized
[MCSOS:M6] frames managed=0x0000000000008000
[MCSOS:M6] frames free=0x0000000000007fff
[MCSOS:M6] sample alloc/free OK
[MCSOS:M7] VMM core initialized
[MCSOS:M7] root_paddr=0x0000000000001000
[MCSOS:M7] demo map vaddr=0x0000000000600000
[MCSOS:M7] demo map paddr=0x0000000000002000
[MCSOS:M7] demo map/query/unmap OK
[MCSOS:M7] ready for QEMU smoke test
[MCSOS:M8] kmem initialized
[MCSOS:M8] heap total_bytes=0x0000000000010000
[MCSOS:M8] heap free_bytes=0x000000000000ffd0
[MCSOS:M8] heap largest_free=0x000000000000ffd0
[MCSOS:M8] heap block_count=0x0000000000000001
[MCSOS:M9] scheduler initialized
[MCSOS:TIMER] ticks=0x0000000000000064
[MCSOS:TIMER] ticks=0x00000000000000c8
[MCSOS:TIMER] ticks=0x000000000000012c
[MCSOS:TIMER] ticks=0x0000000000000190
[MCSOS:TIMER] ticks=0x00000000000001f4
[MCSOS:TIMER] ticks=0x0000000000000258
[MCSOS:TIMER] ticks=0x00000000000002bc
[MCSOS:TIMER] ticks=0x0000000000000320
[MCSOS:TIMER] ticks=0x0000000000000384
[MCSOS:TIMER] ticks=0x00000000000003e8
[MCSOS:TIMER] ticks=0x000000000000044c
[MCSOS:TIMER] ticks=0x00000000000004b0
[MCSOS:TIMER] ticks=0x0000000000000514
[MCSOS:TIMER] ticks=0x0000000000000578
[MCSOS:TIMER] ticks=0x00000000000005dc
[MCSOS:TIMER] ticks=0x0000000000000640
[MCSOS:TIMER] ticks=0x00000000000006a4
[MCSOS:TIMER] ticks=0x0000000000000708
[MCSOS:TIMER] ticks=0x000000000000076c
[MCSOS:TIMER] ticks=0x00000000000007d0
[MCSOS:TIMER] ticks=0x0000000000000834
[MCSOS:TIMER] ticks=0x0000000000000898
[MCSOS:TIMER] ticks=0x00000000000008fc
[MCSOS:TIMER] ticks=0x0000000000000960
[MCSOS:TIMER] ticks=0x00000000000009c4
[MCSOS:TIMER] ticks=0x0000000000000a28
[MCSOS:TIMER] ticks=0x0000000000000a8c
[MCSOS:TIMER] ticks=0x0000000000000af0
[MCSOS:TIMER] ticks=0x0000000000000b54
[MCSOS:TIMER] ticks=0x0000000000000bb8
[MCSOS:TIMER] ticks=0x0000000000000c1c
[MCSOS:TIMER] ticks=0x0000000000000c80
[MCSOS:TIMER] ticks=0x0000000000000ce4
[MCSOS:TIMER] ticks=0x0000000000000d48
[MCSOS:TIMER] ticks=0x0000000000000dac
[MCSOS:TIMER] ticks=0x0000000000000e10
[MCSOS:TIMER] ticks=0x0000000000000e74
[MCSOS:TIMER] ticks=0x0000000000000ed8
[MCSOS:TIMER] ticks=0x0000000000000f3c
[MCSOS:TIMER] ticks=0x0000000000000fa0
[MCSOS:TIMER] ticks=0x0000000000001004
[MCSOS:TIMER] ticks=0x0000000000001068
[MCSOS:TIMER] ticks=0x00000000000010cc
[MCSOS:TIMER] ticks=0x0000000000001130
[MCSOS:TIMER] ticks=0x0000000000001194
[MCSOS:TIMER] ticks=0x00000000000011f8
[MCSOS:TIMER] ticks=0x000000000000125c
[MCSOS:TIMER] ticks=0x00000000000012c0
[MCSOS:TIMER] ticks=0x0000000000001324
[MCSOS:TIMER] ticks=0x0000000000001388
[MCSOS:TIMER] ticks=0x00000000000013ec
[MCSOS:TIMER] ticks=0x0000000000001450
[MCSOS:TIMER] ticks=0x00000000000014b4
[MCSOS:TIMER] ticks=0x0000000000001518
[MCSOS:TIMER] ticks=0x000000000000157c
[MCSOS:TIMER] ticks=0x00000000000015e0
[MCSOS:TIMER] ticks=0x0000000000001644
[MCSOS:TIMER] ticks=0x00000000000016a8
[MCSOS:TIMER] ticks=0x000000000000170c
[MCSOS:TIMER] ticks=0x0000000000001770
[MCSOS:TIMER] ticks=0x00000000000017d4
[MCSOS:TIMER] ticks=0x0000000000001838
[MCSOS:TIMER] ticks=0x000000000000189c
[MCSOS:TIMER] ticks=0x0000000000001900
[MCSOS:TIMER] ticks=0x0000000000001964
[MCSOS:TIMER] ticks=0x00000000000019c8
[MCSOS:TIMER] ticks=0x0000000000001a2c
[MCSOS:TIMER] ticks=0x0000000000001a90
[MCSOS:TIMER] ticks=0x0000000000001af4
[MCSOS:TIMER] ticks=0x0000000000001b58
[MCSOS:TIMER] ticks=0x0000000000001bbc
[MCSOS:TIMER] ticks=0x0000000000001c20
[MCSOS:TIMER] ticks=0x0000000000001c84
[MCSOS:TIMER] ticks=0x0000000000001ce8
[MCSOS:TIMER] ticks=0x0000000000001d4c
[MCSOS:TIMER] ticks=0x0000000000001db0
[MCSOS:TIMER] ticks=0x0000000000001e14
[MCSOS:TIMER] ticks=0x0000000000001e78
[MCSOS:TIMER] ticks=0x0000000000001edc
[MCSOS:TIMER] ticks=0x0000000000001f40
[MCSOS:TIMER] ticks=0x0000000000001fa4
[MCSOS:TIMER] ticks=0x0000000000002008
[MCSOS:TIMER] ticks=0x000000000000206c
[MCSOS:TIMER] ticks=0x00000000000020d0
[MCSOS:TIMER] ticks=0x0000000000002134
[MCSOS:TIMER] ticks=0x0000000000002198
[MCSOS:TIMER] ticks=0x00000000000021fc
[MCSOS:TIMER] ticks=0x0000000000002260
[MCSOS:TIMER] ticks=0x00000000000022c4
[MCSOS:TIMER] ticks=0x0000000000002328
[MCSOS:TIMER] ticks=0x000000000000238c
[MCSOS:TIMER] ticks=0x00000000000023f0
[MCSOS:TIMER] ticks=0x0000000000002454
[MCSOS:TIMER] ticks=0x00000000000024b8
[MCSOS:TIMER] ticks=0x000000000000251c
[MCSOS:TIMER] ticks=0x0000000000002580
[MCSOS:TIMER] ticks=0x00000000000025e4
[MCSOS:TIMER] ticks=0x0000000000002648
[MCSOS:TIMER] ticks=0x00000000000026ac
[MCSOS:TIMER] ticks=0x0000000000002710
[MCSOS:TIMER] ticks=0x0000000000002774
[MCSOS:TIMER] ticks=0x00000000000027d8
[MCSOS:TIMER] ticks=0x000000000000283c
[MCSOS:TIMER] ticks=0x00000000000028a0
[MCSOS:TIMER] ticks=0x0000000000002904
[MCSOS:TIMER] ticks=0x0000000000002968
[MCSOS:TIMER] ticks=0x00000000000029cc
[MCSOS:TIMER] ticks=0x0000000000002a30
[MCSOS:TIMER] ticks=0x0000000000002a94
[MCSOS:TIMER] ticks=0x0000000000002af8
[MCSOS:TIMER] ticks=0x0000000000002b5c
[MCSOS:TIMER] ticks=0x0000000000002bc0
[MCSOS:TIMER] ticks=0x0000000000002c24
[MCSOS:TIMER] ticks=0x0000000000002c88
[MCSOS:TIMER] ticks=0x0000000000002cec
[MCSOS:TIMER] ticks=0x0000000000002d50
[MCSOS:TIMER] ticks=0x0000000000002db4
[MCSOS:TIMER] ticks=0x0000000000002e18
[MCSOS:TIMER] ticks=0x0000000000002e7c
[MCSOS:TIMER] ticks=0x0000000000002ee0
[MCSOS:TIMER] ticks=0x0000000000002f44
[MCSOS:TIMER] ticks=0x0000000000002fa8
[MCSOS:TIMER] ticks=0x000000000000300c
[MCSOS:TIMER] ticks=0x0000000000003070
[MCSOS:TIMER] ticks=0x00000000000030d4
[MCSOS:TIMER] ticks=0x0000000000003138
[MCSOS:TIMER] ticks=0x000000000000319c
[MCSOS:TIMER] ticks=0x0000000000003200
[MCSOS:TIMER] ticks=0x0000000000003264
[MCSOS:TIMER] ticks=0x00000000000032c8
[MCSOS:TIMER] ticks=0x000000000000332c
[MCSOS:TIMER] ticks=0x0000000000003390
[MCSOS:TIMER] ticks=0x00000000000033f4
[MCSOS:TIMER] ticks=0x0000000000003458
[MCSOS:TIMER] ticks=0x00000000000034bc
[MCSOS:TIMER] ticks=0x0000000000003520
[MCSOS:TIMER] ticks=0x0000000000003584
[MCSOS:TIMER] ticks=0x00000000000035e8
[MCSOS:TIMER] ticks=0x000000000000364c
[MCSOS:TIMER] ticks=0x00000000000036b0
[MCSOS:TIMER] ticks=0x0000000000003714
[MCSOS:TIMER] ticks=0x0000000000003778
[MCSOS:TIMER] ticks=0x00000000000037dc
[MCSOS:TIMER] ticks=0x0000000000003840
[MCSOS:TIMER] ticks=0x00000000000038a4
[MCSOS:TIMER] ticks=0x0000000000003908
[MCSOS:TIMER] ticks=0x000000000000396c
[MCSOS:TIMER] ticks=0x00000000000039d0
[MCSOS:TIMER] ticks=0x0000000000003a34
[MCSOS:TIMER] ticks=0x0000000000003a98
[MCSOS:TIMER] ticks=0x0000000000003afc
[MCSOS:TIMER] ticks=0x0000000000003b60
[MCSOS:TIMER] ticks=0x0000000000003bc4
[MCSOS:TIMER] ticks=0x0000000000003c28
[MCSOS:TIMER] ticks=0x0000000000003c8c
[MCSOS:TIMER] ticks=0x0000000000003cf0
[MCSOS:TIMER] ticks=0x0000000000003d54
[MCSOS:TIMER] ticks=0x0000000000003db8
[MCSOS:TIMER] ticks=0x0000000000003e1c
[MCSOS:TIMER] ticks=0x0000000000003e80
[MCSOS:TIMER] ticks=0x0000000000003ee4
[MCSOS:TIMER] ticks=0x0000000000003f48
[MCSOS:TIMER] ticks=0x0000000000003fac
[MCSOS:TIMER] ticks=0x0000000000004010
[MCSOS:TIMER] ticks=0x0000000000004074
[MCSOS:TIMER] ticks=0x00000000000040d8
[MCSOS:TIMER] ticks=0x000000000000413c
[MCSOS:TIMER] ticks=0x00000000000041a0
[MCSOS:TIMER] ticks=0x0000000000004204
[MCSOS:TIMER] ticks=0x0000000000004268
[MCSOS:TIMER] ticks=0x00000000000042cc
[MCSOS:TIMER] ticks=0x0000000000004330
[MCSOS:TIMER] ticks=0x0000000000004394
[MCSOS:TIMER] ticks=0x00000000000043f8
[MCSOS:TIMER] ticks=0x000000000000445c
[MCSOS:TIMER] ticks=0x00000000000044c0
[MCSOS:TIMER] ticks=0x0000000000004524
