limine: Loading executable `boot():/boot/kernel.elf`...
MCSOS 260502 M3 kernel entered
[MCSOS:M5] boot: external interrupt bring-up start
[MCSOS:M5] idt: loaded
[MCSOS:M5] pic: remapped
[MCSOS:M5] pic: irq0 unmasked
[MCSOS:M5] pit: configured 100Hz
[MCSOS:M5] sti: interrupts enabled
[MCSOS:M6] pmm initialized
[MCSOS:M6] frames managed=0x0000000000008000
[MCSOS:M6] frames free=0x0000000000007fff
[MCSOS:M6] sample alloc/free OK
[MCSOS:M7] VMM core initialized
[MCSOS:M7] root_paddr=0x0000000000001000
[MCSOS:M7] demo map vaddr=0x0000000000600000
[MCSOS:M7] demo map paddr=0x0000000000002000
[MCSOS:M7] demo map/query/unmap OK
[MCSOS:M7] ready for QEMU smoke test
[MCSOS:M8] kmem initialized
[MCSOS:M8] heap total_bytes=0x0000000000010000
[MCSOS:M8] heap free_bytes=0x000000000000ffd0
[MCSOS:M8] heap largest_free=0x000000000000ffd0
[MCSOS:M8] heap block_count=0x0000000000000001
[MCSOS:M9] scheduler initialized
[MCSOS:M9] thread A tick
[MCSOS:M9] thread B tick
[MCSOS:M9] thread A tick
[MCSOS:M9] thread B tick
[MCSOS:M9] thread A tick
[MCSOS:M9] thread B tick
[MCSOS:M9] thread A tick
[MCSOS:M9] thread B tick
[MCSOS:M9] thread A tick
[MCSOS:M9] thread B tick
[MCSOS:M9] thread A tick
[MCSOS:M9] thread B tick
[MCSOS:TIMER] ticks=0x0000000000000064
[MCSOS:TIMER] ticks=0x00000000000000c8
[MCSOS:TIMER] ticks=0x000000000000012c
[MCSOS:TIMER] ticks=0x0000000000000190
[MCSOS:TIMER] ticks=0x00000000000001f4
[MCSOS:TIMER] ticks=0x0000000000000258
[MCSOS:TIMER] ticks=0x00000000000002bc
[MCSOS:TIMER] ticks=0x0000000000000320
[MCSOS:TIMER] ticks=0x0000000000000384
[MCSOS:TIMER] ticks=0x00000000000003e8
[MCSOS:TIMER] ticks=0x000000000000044c
[MCSOS:TIMER] ticks=0x00000000000004b0
[MCSOS:TIMER] ticks=0x0000000000000514
[MCSOS:TIMER] ticks=0x0000000000000578
[MCSOS:TIMER] ticks=0x00000000000005dc
[MCSOS:TIMER] ticks=0x0000000000000640
[MCSOS:TIMER] ticks=0x00000000000006a4
[MCSOS:TIMER] ticks=0x0000000000000708
[MCSOS:TIMER] ticks=0x000000000000076c
[MCSOS:TIMER] ticks=0x00000000000007d0
[MCSOS:TIMER] ticks=0x0000000000000834
[MCSOS:TIMER] ticks=0x0000000000000898
[MCSOS:TIMER] ticks=0x00000000000008fc
[MCSOS:TIMER] ticks=0x0000000000000960
[MCSOS:TIMER] ticks=0x00000000000009c4
[MCSOS:TIMER] ticks=0x0000000000000a28
[MCSOS:TIMER] ticks=0x0000000000000a8c
[MCSOS:TIMER] ticks=0x0000000000000af0
[MCSOS:TIMER] ticks=0x0000000000000b54
[MCSOS:TIMER] ticks=0x0000000000000bb8
[MCSOS:TIMER] ticks=0x0000000000000c1c
[MCSOS:TIMER] ticks=0x0000000000000c80
[MCSOS:TIMER] ticks=0x0000000000000ce4
[MCSOS:TIMER] ticks=0x0000000000000d48
[MCSOS:TIMER] ticks=0x0000000000000dac
[MCSOS:TIMER] ticks=0x0000000000000e10
[MCSOS:TIMER] ticks=0x0000000000000e74
[MCSOS:TIMER] ticks=0x0000000000000ed8
[MCSOS:TIMER] ticks=0x0000000000000f3c
[MCSOS:TIMER] ticks=0x0000000000000fa0
[MCSOS:TIMER] ticks=0x0000000000001004
[MCSOS:TIMER] ticks=0x0000000000001068
[MCSOS:TIMER] ticks=0x00000000000010cc
[MCSOS:TIMER] ticks=0x0000000000001130
[MCSOS:TIMER] ticks=0x0000000000001194
[MCSOS:TIMER] ticks=0x00000000000011f8
[MCSOS:TIMER] ticks=0x000000000000125c
[MCSOS:TIMER] ticks=0x00000000000012c0
[MCSOS:TIMER] ticks=0x0000000000001324
[MCSOS:TIMER] ticks=0x0000000000001388
[MCSOS:TIMER] ticks=0x00000000000013ec
[MCSOS:TIMER] ticks=0x0000000000001450
[MCSOS:TIMER] ticks=0x00000000000014b4
[MCSOS:TIMER] ticks=0x0000000000001518
[MCSOS:TIMER] ticks=0x000000000000157c
[MCSOS:TIMER] ticks=0x00000000000015e0
[MCSOS:TIMER] ticks=0x0000000000001644
[MCSOS:TIMER] ticks=0x00000000000016a8
[MCSOS:TIMER] ticks=0x000000000000170c
[MCSOS:TIMER] ticks=0x0000000000001770
[MCSOS:TIMER] ticks=0x00000000000017d4
[MCSOS:TIMER] ticks=0x0000000000001838
[MCSOS:TIMER] ticks=0x000000000000189c
[MCSOS:TIMER] ticks=0x0000000000001900
[MCSOS:TIMER] ticks=0x0000000000001964
[MCSOS:TIMER] ticks=0x00000000000019c8
[MCSOS:TIMER] ticks=0x0000000000001a2c
[MCSOS:TIMER] ticks=0x0000000000001a90
[MCSOS:TIMER] ticks=0x0000000000001af4
[MCSOS:TIMER] ticks=0x0000000000001b58
[MCSOS:TIMER] ticks=0x0000000000001bbc
