GNU gdb (Ubuntu 17.1-2ubuntu1) 17.1
Copyright (C) 2025 Free Software Foundation, Inc.
License GPLv3+: GNU GPL version 3 or later <http://gnu.org/licenses/gpl.html>
This is free software: you are free to change and redistribute it.
There is NO WARRANTY, to the extent permitted by law.
Type "show copying" and "show warranty" for details.
This GDB was configured as "x86_64-linux-gnu".
Type "show configuration" for configuration details.
For bug reporting instructions, please see:
<https://www.gnu.org/software/gdb/bugs/>.
Find the GDB manual and other documentation resources online at:
    <http://www.gnu.org/software/gdb/documentation/>.

For help, type "help".
Type "apropos word" to search for commands related to "word"...
Reading symbols from build/kernel.elf...
(No debugging symbols found in build/kernel.elf)
Remote debugging using localhost:1234
0x000000000000fff0 in ?? ()
Breakpoint 1 at 0xffffffff80004b54
Continuing.

Breakpoint 1, 0xffffffff80004b54 in x86_64_syscall_int80_stub ()
rax            0x0                 0
rdi            0x3f8               1016
rsp            0xffff80000ff9cfa8  0xffff80000ff9cfa8
rip            0xffffffff80004b54  0xffffffff80004b54 <x86_64_syscall_int80_stub>
#0  0xffffffff80004b54 in x86_64_syscall_int80_stub ()
#1  0xffffffff80000dac in m10_syscall_smoke_test ()
#2  0xffffffff80000870 in kmain ()
Continuing.
