limine: Loading executable `boot():/boot/kernel.elf`...
MCSOS 260502 M3 kernel entered
[MCSOS:M5] boot: external interrupt bring-up start
[MCSOS:M10] idt: vector 0x80 installed (DPL=3)
[MCSOS:M5] idt: loaded
[MCSOS:M5] pic: remapped
[MCSOS:M5] pic: irq0 unmasked
[MCSOS:M5] pit: configured 100Hz
[MCSOS:M5] sti: interrupts enabled
[MCSOS:M6] pmm initialized
[MCSOS:M6] frames managed=0x0000000000008000
[MCSOS:M6] frames free=0x0000000000007fff
[MCSOS:M6] sample alloc/free OK
[MCSOS:M7] VMM core initialized
[MCSOS:M7] root_paddr=0x0000000000001000
[MCSOS:M7] demo map vaddr=0x0000000000600000
[MCSOS:M7] demo map paddr=0x0000000000002000
[MCSOS:M7] demo map/query/unmap OK
[MCSOS:M7] ready for QEMU smoke test
[MCSOS:M8] kmem initialized
[MCSOS:M8] heap total_bytes=0x0000000000010000
[MCSOS:M8] heap free_bytes=0x000000000000ffd0
[MCSOS:M8] heap largest_free=0x000000000000ffd0
[MCSOS:M8] heap block_count=0x0000000000000001
[MCSOS:M10] syscall init
[MCSOS:M10] int 0x80 smoke test executed
[MCSOS:M10] ping ret=0x000000002605020a
[MCSOS:M10] int 0x80 smoke test PASS
[MCSOS:M11] elf: ident ok
[MCSOS:M11] elf phnum=0x0000000000000002
[MCSOS:M11] segment vaddr=0x0000000000400000
[MCSOS:M11] segment filesz=0x0000000000000010
[MCSOS:M11] segment memsz=0x0000000000001000
[MCSOS:M11] segment flags=0x0000000000000005
[MCSOS:M11] segment vaddr=0x0000000000401000
[MCSOS:M11] segment filesz=0x0000000000000008
[MCSOS:M11] segment memsz=0x0000000000001000
[MCSOS:M11] segment flags=0x0000000000000006
[MCSOS:M11] elf plan entry=0x0000000000401000
[MCSOS:M11] elf: plan ok
[MCSOS:M11] user image plan ready
[MCSOS:M9] scheduler initialized
[MCSOS:M9] thread A tick
[MCSOS:M9] thread B tick
[MCSOS:M9] thread A tick
[MCSOS:M9] thread B tick
[MCSOS:M9] thread A tick
[MCSOS:M9] thread B tick
[MCSOS:M9] thread A tick
[MCSOS:M9] thread B tick
[MCSOS:M9] thread A tick
[MCSOS:M9] thread B tick
[MCSOS:M9] thread A tick
[MCSOS:M9] thread B tick
[MCSOS:TIMER] ticks=0x0000000000000064
[MCSOS:TIMER] ticks=0x00000000000000c8
[MCSOS:TIMER] ticks=0x000000000000012c
[MCSOS:TIMER] ticks=0x0000000000000190
[MCSOS:TIMER] ticks=0x00000000000001f4
[MCSOS:TIMER] ticks=0x0000000000000258
[MCSOS:TIMER] ticks=0x00000000000002bc
[MCSOS:TIMER] ticks=0x0000000000000320
[MCSOS:TIMER] ticks=0x0000000000000384
[MCSOS:TIMER] ticks=0x00000000000003e8
[MCSOS:TIMER] ticks=0x000000000000044c
[MCSOS:TIMER] ticks=0x00000000000004b0
[MCSOS:TIMER] ticks=0x0000000000000514
